root: C:\Users\srika\Downloads\eris_region device: cuda
classes: ['20x', 'CD3', 'CD45RO', 'CD8', 'HE', 'LAG3', 'PD1', 'T'] | counts: {'T': 197, 'CD3': 194, 'CD45RO': 189, 'CD8': 187, '20x': 158, 'LAG3': 158, 'PD1': 155, 'HE': 2}
class weights: {'20x': 1.04, 'CD3': 0.94, 'CD45RO': 0.96, 'CD8': 0.96, 'HE': 4.0, 'LAG3': 1.04, 'PD1': 1.05, 'T': 0.94}

############## backbone convnext_small.fb_in22k_ft_in1k  (5 folds) ##############
  [convnext_small] f0 ep01 loss1.488 val0.7253 acc0.7218 f10.7289 (75s)
  [convnext_small] f0 ep02 loss1.173 val0.7336 acc0.7460 f10.7212 (16s)
  [convnext_small] f0 ep03 loss1.042 val0.6603 acc0.6774 f10.6433 (16s)
  [convnext_small] f0 ep04 loss0.963 val0.6882 acc0.6895 f10.6869 (16s)
  [convnext_small] f0 ep05 loss0.898 val0.7206 acc0.7177 f10.7234 (16s)
  [convnext_small] f0 ep06 loss0.816 val0.7860 acc0.7863 f10.7858 (17s)
  [convnext_small] f0 ep07 loss0.765 val0.8181 acc0.8185 f10.8177 (18s)
  [convnext_small] f0 ep08 loss0.732 val0.7610 acc0.7581 f10.7640 (18s)
  [convnext_small] f0 ep09 loss0.707 val0.7701 acc0.7661 f10.7740 (18s)
  [convnext_small] f0 ep10 loss0.654 val0.7769 acc0.7782 f10.7756 (18s)
  [convnext_small] f0 ep11 loss0.624 val0.8199 acc0.8145 f10.8252 (18s)
  [convnext_small] f0 ep12 loss0.595 val0.8353 acc0.8306 f10.8401 (19s)
  [convnext_small] f0 ep13 loss0.563 val0.8434 acc0.8387 f10.8481 (19s)
  [convnext_small] f0 ep14 loss0.557 val0.8430 acc0.8387 f10.8472 (19s)
  [convnext_small] fold 0 best=0.8434 (raw)
   -> ensemble now 1 models; dist {'CD8': 82, 'CD3': 75, 'CD45RO': 66, 'PD1': 62, 'T': 59, 'LAG3': 59, '20x': 51}
  [convnext_small] f1 ep01 loss1.448 val0.5870 acc0.6008 f10.5732 (71s)
  [convnext_small] f1 ep02 loss1.170 val0.6812 acc0.6815 f10.6809 (16s)
  [convnext_small] f1 ep03 loss1.053 val0.7263 acc0.7298 f10.7228 (17s)
  [convnext_small] f1 ep04 loss0.941 val0.7728 acc0.7702 f10.7754 (18s)
  [convnext_small] f1 ep05 loss0.872 val0.7816 acc0.7823 f10.7809 (19s)
  [convnext_small] f1 ep06 loss0.858 val0.7742 acc0.7742 f10.7742 (19s)
  [convnext_small] f1 ep07 loss0.786 val0.7987 acc0.7984 f10.7990 (20s)
  [convnext_small] f1 ep08 loss0.772 val0.7705 acc0.7661 f10.7748 (20s)
  [convnext_small] f1 ep09 loss0.718 val0.8277 acc0.8266 f10.8288 (20s)
  [convnext_small] f1 ep10 loss0.669 val0.8067 acc0.8065 f10.8069 (20s)
  [convnext_small] f1 ep11 loss0.625 val0.8393 acc0.8387 f10.8399 (19s)
  [convnext_small] f1 ep12 loss0.607 val0.8275 acc0.8266 f10.8284 (20s)
  [convnext_small] f1 ep13 loss0.577 val0.8407 acc0.8387 f10.8428 (20s)
  [convnext_small] f1 ep14 loss0.558 val0.8357 acc0.8347 f10.8368 (20s)
  [convnext_small] fold 1 best=0.8407 (raw)
   -> ensemble now 2 models; dist {'CD8': 82, 'CD45RO': 72, 'CD3': 69, 'PD1': 62, 'T': 59, 'LAG3': 59, '20x': 51}
  [convnext_small] f2 ep01 loss1.423 val0.6791 acc0.6734 f10.6848 (72s)
  [convnext_small] f2 ep02 loss1.145 val0.6037 acc0.6210 f10.5864 (17s)
  [convnext_small] f2 ep03 loss1.038 val0.7612 acc0.7621 f10.7603 (18s)
  [convnext_small] f2 ep04 loss1.011 val0.6999 acc0.7218 f10.6780 (19s)
  [convnext_small] f2 ep05 loss0.935 val0.8000 acc0.8024 f10.7975 (19s)
  [convnext_small] f2 ep06 loss0.859 val0.7575 acc0.7702 f10.7449 (20s)
  [convnext_small] f2 ep07 loss0.856 val0.8275 acc0.8266 f10.8285 (20s)
  [convnext_small] f2 ep08 loss0.750 val0.8678 acc0.8669 f10.8687 (20s)
  [convnext_small] f2 ep09 loss0.703 val0.8854 acc0.8831 f10.8877 (20s)
  [convnext_small] f2 ep10 loss0.681 val0.8853 acc0.8831 f10.8875 (20s)
  [convnext_small] f2 ep11 loss0.622 val0.8935 acc0.8911 f10.8958 (20s)
  [convnext_small] f2 ep12 loss0.635 val0.8972 acc0.8952 f10.8992 (20s)
  [convnext_small] f2 ep13 loss0.573 val0.9011 acc0.8992 f10.9030 (20s)
  [convnext_small] f2 ep14 loss0.592 val0.9010 acc0.8992 f10.9029 (20s)
  [convnext_small] fold 2 best=0.9011 (raw)
   -> ensemble now 3 models; dist {'CD8': 80, 'CD45RO': 74, 'CD3': 69, 'PD1': 62, 'LAG3': 60, 'T': 58, '20x': 51}
  [convnext_small] f3 ep01 loss1.480 val0.5781 acc0.6411 f10.5151 (72s)
  [convnext_small] f3 ep02 loss1.114 val0.7056 acc0.7500 f10.6612 (17s)
  [convnext_small] f3 ep03 loss1.004 val0.7309 acc0.7782 f10.6836 (18s)
  [convnext_small] f3 ep04 loss0.934 val0.6887 acc0.7339 f10.6435 (19s)
  [convnext_small] f3 ep05 loss0.855 val0.7775 acc0.8266 f10.7285 (19s)
  [convnext_small] f3 ep06 loss0.836 val0.7083 acc0.7581 f10.6586 (20s)
  [convnext_small] f3 ep07 loss0.800 val0.7528 acc0.7984 f10.7073 (20s)
  [convnext_small] f3 ep08 loss0.736 val0.7560 acc0.8065 f10.7056 (20s)
  [convnext_small] f3 ep09 loss0.666 val0.7677 acc0.8145 f10.7210 (20s)
  [convnext_small] f3 ep10 loss0.657 val0.7458 acc0.7903 f10.7013 (20s)
  [convnext_small] f3 ep11 loss0.641 val0.7816 acc0.8306 f10.7325 (20s)
  [convnext_small] f3 ep12 loss0.584 val0.7857 acc0.8347 f10.7368 (20s)
  [convnext_small] f3 ep13 loss0.576 val0.7851 acc0.8347 f10.7356 (20s)
  [convnext_small] f3 ep14 loss0.571 val0.7852 acc0.8347 f10.7357 (20s)
  [convnext_small] fold 3 best=0.7857 (raw)
   -> ensemble now 4 models; dist {'CD8': 82, 'CD45RO': 74, 'CD3': 67, 'PD1': 62, 'LAG3': 60, 'T': 58, '20x': 51}
  [convnext_small] f4 ep01 loss1.469 val0.6514 acc0.6935 f10.6093 (72s)
  [convnext_small] f4 ep02 loss1.086 val0.6396 acc0.6855 f10.5937 (17s)
  [convnext_small] f4 ep03 loss1.009 val0.6014 acc0.6452 f10.5576 (18s)
  [convnext_small] f4 ep04 loss0.995 val0.7258 acc0.7742 f10.6773 (19s)
  [convnext_small] f4 ep05 loss0.889 val0.6955 acc0.7460 f10.6451 (20s)
  [convnext_small] f4 ep06 loss0.819 val0.7194 acc0.7661 f10.6727 (20s)
  [convnext_small] f4 ep07 loss0.831 val0.7568 acc0.8105 f10.7032 (20s)
  [convnext_small] f4 ep08 loss0.724 val0.7921 acc0.8427 f10.7414 (20s)
  [convnext_small] f4 ep09 loss0.707 val0.7758 acc0.8266 f10.7249 (20s)
  [convnext_small] f4 ep10 loss0.673 val0.7751 acc0.8266 f10.7237 (20s)
  [convnext_small] f4 ep11 loss0.632 val0.8024 acc0.8548 f10.7499 (20s)
  [convnext_small] f4 ep12 loss0.584 val0.8025 acc0.8548 f10.7501 (20s)
  [convnext_small] f4 ep13 loss0.574 val0.7902 acc0.8427 f10.7377 (20s)
  [convnext_small] f4 ep14 loss0.542 val0.8024 acc0.8548 f10.7500 (20s)
  [convnext_small] fold 4 best=0.8025 (raw)
   -> ensemble now 5 models; dist {'CD8': 80, 'CD45RO': 74, 'CD3': 69, 'PD1': 63, 'LAG3': 59, 'T': 58, '20x': 51}
== convnext_small OOF: score0.8020 acc0.8532 f10.7507 (folds=5) ==

############## backbone tf_efficientnetv2_s.in21k_ft_in1k  (4 folds) ##############
  [tf_efficientnetv2_s] f0 ep01 loss3.998 val0.5665 acc0.6000 f10.5329 (74s)
  [tf_efficientnetv2_s] f0 ep02 loss1.855 val0.7313 acc0.7323 f10.7303 (13s)
  [tf_efficientnetv2_s] f0 ep03 loss1.156 val0.6384 acc0.6581 f10.6187 (13s)
  [tf_efficientnetv2_s] f0 ep04 loss1.076 val0.7496 acc0.7484 f10.7508 (13s)
  [tf_efficientnetv2_s] f0 ep05 loss0.975 val0.7812 acc0.7774 f10.7850 (14s)
  [tf_efficientnetv2_s] f0 ep06 loss0.882 val0.7392 acc0.7839 f10.6946 (14s)
  [tf_efficientnetv2_s] f0 ep07 loss0.828 val0.8250 acc0.8226 f10.8274 (14s)
  [tf_efficientnetv2_s] f0 ep08 loss0.801 val0.8223 acc0.8194 f10.8253 (14s)
  [tf_efficientnetv2_s] f0 ep09 loss0.762 val0.8275 acc0.8258 f10.8292 (14s)
  [tf_efficientnetv2_s] f0 ep10 loss0.728 val0.8158 acc0.8161 f10.8155 (14s)
  [tf_efficientnetv2_s] f0 ep11 loss0.674 val0.8259 acc0.8226 f10.8292 (14s)
  [tf_efficientnetv2_s] f0 ep12 loss0.658 val0.8305 acc0.8323 f10.8288 (14s)
  [tf_efficientnetv2_s] f0 ep13 loss0.657 val0.8588 acc0.8581 f10.8595 (14s)
  [tf_efficientnetv2_s] f0 ep14 loss0.610 val0.8327 acc0.8323 f10.8332 (14s)
  [tf_efficientnetv2_s] fold 0 best=0.8588 (raw)
   -> ensemble now 6 models; dist {'CD8': 84, 'CD45RO': 73, 'CD3': 66, 'PD1': 64, 'T': 58, 'LAG3': 58, '20x': 51}
  [tf_efficientnetv2_s] f1 ep01 loss4.615 val0.5154 acc0.5452 f10.4856 (67s)
  [tf_efficientnetv2_s] f1 ep02 loss2.031 val0.6208 acc0.6548 f10.5869 (13s)
  [tf_efficientnetv2_s] f1 ep03 loss1.293 val0.6463 acc0.6516 f10.6409 (13s)
  [tf_efficientnetv2_s] f1 ep04 loss1.051 val0.7750 acc0.7742 f10.7758 (13s)
  [tf_efficientnetv2_s] f1 ep05 loss0.943 val0.7856 acc0.7839 f10.7874 (13s)
  [tf_efficientnetv2_s] f1 ep06 loss0.923 val0.7924 acc0.7935 f10.7913 (14s)
  [tf_efficientnetv2_s] f1 ep07 loss0.824 val0.7731 acc0.7710 f10.7752 (14s)
  [tf_efficientnetv2_s] f1 ep08 loss0.767 val0.8108 acc0.8097 f10.8120 (14s)
  [tf_efficientnetv2_s] f1 ep09 loss0.765 val0.7905 acc0.7871 f10.7938 (14s)
  [tf_efficientnetv2_s] f1 ep10 loss0.713 val0.8085 acc0.8065 f10.8105 (14s)
  [tf_efficientnetv2_s] f1 ep11 loss0.714 val0.8203 acc0.8194 f10.8212 (14s)
  [tf_efficientnetv2_s] f1 ep12 loss0.665 val0.8239 acc0.8226 f10.8253 (14s)
  [tf_efficientnetv2_s] f1 ep13 loss0.644 val0.8235 acc0.8226 f10.8244 (14s)
  [tf_efficientnetv2_s] f1 ep14 loss0.619 val0.8358 acc0.8355 f10.8361 (14s)
  [tf_efficientnetv2_s] fold 1 best=0.8358 (raw)
   -> ensemble now 7 models; dist {'CD8': 83, 'CD45RO': 73, 'CD3': 67, 'PD1': 63, 'LAG3': 59, 'T': 58, '20x': 51}
  [tf_efficientnetv2_s] f2 ep01 loss4.065 val0.5594 acc0.5903 f10.5285 (67s)
  [tf_efficientnetv2_s] f2 ep02 loss2.001 val0.6093 acc0.6548 f10.5638 (13s)
  [tf_efficientnetv2_s] f2 ep03 loss1.245 val0.7387 acc0.7839 f10.6934 (13s)
  [tf_efficientnetv2_s] f2 ep04 loss1.068 val0.7509 acc0.7968 f10.7051 (13s)
  [tf_efficientnetv2_s] f2 ep05 loss1.031 val0.8181 acc0.8710 f10.7652 (14s)
  [tf_efficientnetv2_s] f2 ep06 loss0.875 val0.7727 acc0.8194 f10.7261 (14s)
  [tf_efficientnetv2_s] f2 ep07 loss0.873 val0.7778 acc0.8258 f10.7298 (14s)
  [tf_efficientnetv2_s] f2 ep08 loss0.822 val0.7796 acc0.8290 f10.7302 (14s)
  [tf_efficientnetv2_s] f2 ep09 loss0.768 val0.8052 acc0.8548 f10.7556 (14s)
  [tf_efficientnetv2_s] f2 ep10 loss0.761 val0.7922 acc0.8419 f10.7425 (14s)
  [tf_efficientnetv2_s] f2 ep11 loss0.690 val0.7995 acc0.8484 f10.7506 (14s)
  [tf_efficientnetv2_s] f2 ep12 loss0.672 val0.8077 acc0.8581 f10.7574 (14s)
  [tf_efficientnetv2_s] f2 ep13 loss0.640 val0.7981 acc0.8484 f10.7479 (14s)
  [tf_efficientnetv2_s] f2 ep14 loss0.648 val0.7954 acc0.8452 f10.7456 (14s)
  [tf_efficientnetv2_s] fold 2 best=0.8181 (raw)
   -> ensemble now 8 models; dist {'CD8': 80, 'CD45RO': 73, 'CD3': 70, 'PD1': 64, 'T': 58, 'LAG3': 58, '20x': 51}
  [tf_efficientnetv2_s] f3 ep01 loss4.308 val0.5199 acc0.5516 f10.4881 (68s)
  [tf_efficientnetv2_s] f3 ep02 loss1.571 val0.6470 acc0.6871 f10.6070 (13s)
  [tf_efficientnetv2_s] f3 ep03 loss1.163 val0.6160 acc0.6742 f10.5578 (13s)
  [tf_efficientnetv2_s] f3 ep04 loss1.011 val0.7244 acc0.7710 f10.6779 (13s)
  [tf_efficientnetv2_s] f3 ep05 loss0.959 val0.7379 acc0.7839 f10.6920 (14s)
  [tf_efficientnetv2_s] f3 ep06 loss0.891 val0.7344 acc0.7806 f10.6882 (14s)
  [tf_efficientnetv2_s] f3 ep07 loss0.851 val0.7512 acc0.8000 f10.7025 (14s)
  [tf_efficientnetv2_s] f3 ep08 loss0.803 val0.7569 acc0.8065 f10.7073 (14s)
  [tf_efficientnetv2_s] f3 ep09 loss0.742 val0.7596 acc0.8097 f10.7096 (14s)
  [tf_efficientnetv2_s] f3 ep10 loss0.729 val0.7920 acc0.8419 f10.7421 (14s)
  [tf_efficientnetv2_s] f3 ep11 loss0.722 val0.7676 acc0.8161 f10.7191 (14s)
  [tf_efficientnetv2_s] f3 ep12 loss0.691 val0.7761 acc0.8258 f10.7265 (14s)
  [tf_efficientnetv2_s] f3 ep13 loss0.669 val0.7704 acc0.8194 f10.7215 (14s)
  [tf_efficientnetv2_s] f3 ep14 loss0.639 val0.7735 acc0.8226 f10.7244 (14s)
  [tf_efficientnetv2_s] fold 3 best=0.7920 (raw)
   -> ensemble now 9 models; dist {'CD8': 82, 'CD45RO': 72, 'CD3': 69, 'PD1': 63, 'LAG3': 60, 'T': 57, '20x': 51}
== tf_efficientnetv2_s OOF: score0.8000 acc0.8516 f10.7484 (folds=4) ==
saved working/test_probs.npz

=== BLENDED OOF CV: score0.8047 acc0.8565 f10.7529 ===

FINAL pred distribution: {'CD8': 82, 'CD45RO': 72, 'CD3': 69, 'PD1': 63, 'LAG3': 60, 'T': 57, '20x': 51}

wrote C:\Users\srika\Downloads\eris_region\working\submission.csv rows=454 models=9 total 3156s
