root: C:\Users\srika\Downloads\eris_region device: cuda
classes: ['20x', 'CD3', 'CD45RO', 'CD8', 'HE', 'LAG3', 'PD1', 'T'] | counts: {'T': 197, 'CD3': 194, 'CD45RO': 189, 'CD8': 187, '20x': 158, 'LAG3': 158, 'PD1': 155, 'HE': 2}
caching 1694 images -> C:\Users\srika\Downloads\eris_region\working\cache_1536 ...
  cache built in 136.6s

##### cnx512: convnext_small.fb_in22k_ft_in1k @ 512px, 4 folds, weight 0.6 #####
  [cnx512] f0 ep01 loss1.427 val0.6678 acc0.6645 f10.6710 (93s)
  [cnx512] f0 ep02 loss1.156 val0.5835 acc0.5935 f10.5734 (28s)
  [cnx512] f0 ep03 loss1.060 val0.7634 acc0.7742 f10.7526 (30s)
  [cnx512] f0 ep04 loss0.934 val0.7209 acc0.7226 f10.7192 (32s)
  [cnx512] f0 ep05 loss0.870 val0.8023 acc0.8097 f10.7950 (33s)
  [cnx512] f0 ep06 loss0.852 val0.7408 acc0.7419 f10.7397 (34s)
  [cnx512] f0 ep07 loss0.822 val0.7434 acc0.7419 f10.7449 (35s)
  [cnx512] f0 ep08 loss0.729 val0.8126 acc0.8097 f10.8154 (36s)
  [cnx512] f0 ep09 loss0.716 val0.8391 acc0.8387 f10.8395 (36s)
  [cnx512] f0 ep10 loss0.670 val0.8608 acc0.8581 f10.8635 (37s)
  [cnx512] f0 ep11 loss0.654 val0.8209 acc0.8161 f10.8258 (36s)
  [cnx512] f0 ep12 loss0.607 val0.8663 acc0.8645 f10.8680 (37s)
  [cnx512] f0 ep13 loss0.571 val0.8552 acc0.8548 f10.8556 (37s)
  [cnx512] f0 ep14 loss0.580 val0.8717 acc0.8710 f10.8724 (36s)
  [cnx512] fold 0 best=0.8717 (raw)
   -> cnx512 1/4 folds; ens dist {'CD8': 81, 'CD45RO': 75, 'CD3': 67, 'LAG3': 62, 'T': 61, 'PD1': 57, '20x': 51}
  [cnx512] f1 ep01 loss1.430 val0.5556 acc0.5774 f10.5338 (90s)
  [cnx512] f1 ep02 loss1.152 val0.6499 acc0.6710 f10.6289 (32s)
  [cnx512] f1 ep03 loss0.981 val0.6695 acc0.6839 f10.6552 (36s)
  [cnx512] f1 ep04 loss0.954 val0.7170 acc0.7129 f10.7210 (36s)
  [cnx512] f1 ep05 loss0.886 val0.7891 acc0.7871 f10.7910 (36s)
  [cnx512] f1 ep06 loss0.838 val0.7924 acc0.7903 f10.7946 (37s)
  [cnx512] f1 ep07 loss0.773 val0.8189 acc0.8161 f10.8216 (37s)
  [cnx512] f1 ep08 loss0.756 val0.8204 acc0.8194 f10.8214 (37s)
  [cnx512] f1 ep09 loss0.707 val0.8628 acc0.8613 f10.8642 (37s)
  [cnx512] f1 ep10 loss0.668 val0.8021 acc0.8032 f10.8010 (38s)
  [cnx512] f1 ep11 loss0.627 val0.8551 acc0.8548 f10.8553 (37s)
  [cnx512] f1 ep12 loss0.588 val0.8552 acc0.8548 f10.8555 (37s)
  [cnx512] f1 ep13 loss0.550 val0.8597 acc0.8581 f10.8613 (38s)
  [cnx512] f1 ep14 loss0.558 val0.8624 acc0.8613 f10.8634 (37s)
  [cnx512] fold 1 best=0.8628 (raw)
   -> cnx512 2/4 folds; ens dist {'CD8': 80, 'CD45RO': 79, 'CD3': 64, 'PD1': 61, 'LAG3': 61, 'T': 58, '20x': 51}
  [cnx512] f2 ep01 loss1.492 val0.5678 acc0.6032 f10.5323 (91s)
  [cnx512] f2 ep02 loss1.187 val0.6354 acc0.6935 f10.5772 (32s)
  [cnx512] f2 ep03 loss1.050 val0.6436 acc0.6968 f10.5903 (36s)
  [cnx512] f2 ep04 loss0.973 val0.6459 acc0.7032 f10.5886 (37s)
  [cnx512] f2 ep05 loss0.963 val0.7283 acc0.7774 f10.6791 (37s)
  [cnx512] f2 ep06 loss0.899 val0.7420 acc0.7903 f10.6936 (37s)
  [cnx512] f2 ep07 loss0.821 val0.7641 acc0.8129 f10.7153 (36s)
  [cnx512] f2 ep08 loss0.760 val0.7832 acc0.8355 f10.7309 (37s)
  [cnx512] f2 ep09 loss0.748 val0.7888 acc0.8387 f10.7389 (36s)
  [cnx512] f2 ep10 loss0.683 val0.8035 acc0.8548 f10.7522 (37s)
  [cnx512] f2 ep11 loss0.639 val0.8030 acc0.8548 f10.7512 (38s)
